------------------------------------------------------------
Timing Analyzer Summary
------------------------------------------------------------

Type  : Slow 1200mV 85C Model Setup '74161:clk_prsclr|f74161:sub|110'
Slack : -1.404
TNS   : -52.799

Type  : Slow 1200mV 85C Model Setup 'CLOCK_50'
Slack : -0.677
TNS   : -0.684

Type  : Slow 1200mV 85C Model Hold 'CLOCK_50'
Slack : 0.286
TNS   : 0.000

Type  : Slow 1200mV 85C Model Hold '74161:clk_prsclr|f74161:sub|110'
Slack : 0.343
TNS   : 0.000

Type  : Slow 1200mV 85C Model Minimum Pulse Width 'CLOCK_50'
Slack : -3.000
TNS   : -7.000

Type  : Slow 1200mV 85C Model Minimum Pulse Width '74161:clk_prsclr|f74161:sub|110'
Slack : -1.000
TNS   : -60.000

Type  : Slow 1200mV 0C Model Setup '74161:clk_prsclr|f74161:sub|110'
Slack : -1.173
TNS   : -41.675

Type  : Slow 1200mV 0C Model Setup 'CLOCK_50'
Slack : -0.505
TNS   : -0.505

Type  : Slow 1200mV 0C Model Hold 'CLOCK_50'
Slack : 0.257
TNS   : 0.000

Type  : Slow 1200mV 0C Model Hold '74161:clk_prsclr|f74161:sub|110'
Slack : 0.299
TNS   : 0.000

Type  : Slow 1200mV 0C Model Minimum Pulse Width 'CLOCK_50'
Slack : -3.000
TNS   : -7.000

Type  : Slow 1200mV 0C Model Minimum Pulse Width '74161:clk_prsclr|f74161:sub|110'
Slack : -1.000
TNS   : -60.000

Type  : Fast 1200mV 0C Model Setup '74161:clk_prsclr|f74161:sub|110'
Slack : -0.318
TNS   : -6.829

Type  : Fast 1200mV 0C Model Setup 'CLOCK_50'
Slack : -0.164
TNS   : -0.164

Type  : Fast 1200mV 0C Model Hold '74161:clk_prsclr|f74161:sub|110'
Slack : 0.179
TNS   : 0.000

Type  : Fast 1200mV 0C Model Hold 'CLOCK_50'
Slack : 0.186
TNS   : 0.000

Type  : Fast 1200mV 0C Model Minimum Pulse Width 'CLOCK_50'
Slack : -3.000
TNS   : -8.015

Type  : Fast 1200mV 0C Model Minimum Pulse Width '74161:clk_prsclr|f74161:sub|110'
Slack : -1.000
TNS   : -60.000

------------------------------------------------------------
