------------------------------------------------------------
TimeQuest Timing Analyzer Summary
------------------------------------------------------------

Type  : Slow 1200mV 85C Model Setup 'inst14'
Slack : -111.925
TNS   : -34656.275

Type  : Slow 1200mV 85C Model Setup 'inst9'
Slack : -0.450
TNS   : -0.450

Type  : Slow 1200mV 85C Model Setup 'CLOCK_50'
Slack : -0.425
TNS   : -0.425

Type  : Slow 1200mV 85C Model Setup 'inst10'
Slack : -0.290
TNS   : -0.290

Type  : Slow 1200mV 85C Model Hold 'inst14'
Slack : 0.310
TNS   : 0.000

Type  : Slow 1200mV 85C Model Hold 'inst10'
Slack : 0.467
TNS   : 0.000

Type  : Slow 1200mV 85C Model Hold 'CLOCK_50'
Slack : 0.489
TNS   : 0.000

Type  : Slow 1200mV 85C Model Hold 'inst9'
Slack : 0.506
TNS   : 0.000

Type  : Slow 1200mV 85C Model Minimum Pulse Width 'CLOCK_50'
Slack : -3.000
TNS   : -4.000

Type  : Slow 1200mV 85C Model Minimum Pulse Width 'inst14'
Slack : -2.174
TNS   : -9527.544

Type  : Slow 1200mV 85C Model Minimum Pulse Width 'inst10'
Slack : -1.000
TNS   : -1.000

Type  : Slow 1200mV 85C Model Minimum Pulse Width 'inst9'
Slack : -1.000
TNS   : -1.000

Type  : Slow 1200mV 0C Model Setup 'inst14'
Slack : -99.936
TNS   : -30323.397

Type  : Slow 1200mV 0C Model Setup 'inst9'
Slack : -0.346
TNS   : -0.346

Type  : Slow 1200mV 0C Model Setup 'CLOCK_50'
Slack : -0.315
TNS   : -0.315

Type  : Slow 1200mV 0C Model Setup 'inst10'
Slack : -0.216
TNS   : -0.216

Type  : Slow 1200mV 0C Model Hold 'inst14'
Slack : 0.308
TNS   : 0.000

Type  : Slow 1200mV 0C Model Hold 'inst10'
Slack : 0.412
TNS   : 0.000

Type  : Slow 1200mV 0C Model Hold 'CLOCK_50'
Slack : 0.425
TNS   : 0.000

Type  : Slow 1200mV 0C Model Hold 'inst9'
Slack : 0.443
TNS   : 0.000

Type  : Slow 1200mV 0C Model Minimum Pulse Width 'CLOCK_50'
Slack : -3.000
TNS   : -4.000

Type  : Slow 1200mV 0C Model Minimum Pulse Width 'inst14'
Slack : -2.174
TNS   : -9527.544

Type  : Slow 1200mV 0C Model Minimum Pulse Width 'inst10'
Slack : -1.000
TNS   : -1.000

Type  : Slow 1200mV 0C Model Minimum Pulse Width 'inst9'
Slack : -1.000
TNS   : -1.000

Type  : Fast 1200mV 0C Model Setup 'inst14'
Slack : -63.734
TNS   : -17053.382

Type  : Fast 1200mV 0C Model Setup 'CLOCK_50'
Slack : -0.100
TNS   : -0.100

Type  : Fast 1200mV 0C Model Setup 'inst9'
Slack : -0.028
TNS   : -0.028

Type  : Fast 1200mV 0C Model Setup 'inst10'
Slack : 0.077
TNS   : 0.000

Type  : Fast 1200mV 0C Model Hold 'inst14'
Slack : 0.149
TNS   : 0.000

Type  : Fast 1200mV 0C Model Hold 'inst10'
Slack : 0.250
TNS   : 0.000

Type  : Fast 1200mV 0C Model Hold 'inst9'
Slack : 0.283
TNS   : 0.000

Type  : Fast 1200mV 0C Model Hold 'CLOCK_50'
Slack : 0.349
TNS   : 0.000

Type  : Fast 1200mV 0C Model Minimum Pulse Width 'CLOCK_50'
Slack : -3.000
TNS   : -4.276

Type  : Fast 1200mV 0C Model Minimum Pulse Width 'inst14'
Slack : -1.000
TNS   : -9227.000

Type  : Fast 1200mV 0C Model Minimum Pulse Width 'inst10'
Slack : -1.000
TNS   : -1.000

Type  : Fast 1200mV 0C Model Minimum Pulse Width 'inst9'
Slack : -1.000
TNS   : -1.000

------------------------------------------------------------
